{"timestamp": "2026-07-14T17:50:31.321839+00:00", "severity": "INFO", "component": "phase_j", "message": "Session runner starting", "correlation_id": "", "causation_id": "", "payload": {"mode": "broker-paper", "instruments": ["SPY"], "interval": 60, "starting_capital": "100000"}}
{"timestamp": "2026-07-14T17:50:33.366757+00:00", "severity": "INFO", "component": "engine", "message": "Session started", "correlation_id": "", "causation_id": "", "payload": {"account_id": "paper-1", "state_loaded": false}}
{"timestamp": "2026-07-14T17:50:33.366916+00:00", "severity": "INFO", "component": "phase_j", "message": "Session 8dcf0028-0f80-4f8f-94b5-bf3b6e05de5e started", "correlation_id": "", "causation_id": "", "payload": {}}
{"timestamp": "2026-07-14T17:51:57.069469+00:00", "severity": "INFO", "component": "phase_j", "message": "Session runner starting", "correlation_id": "", "causation_id": "", "payload": {"mode": "broker-paper", "instruments": ["SPY"], "interval": 60, "starting_capital": "100000"}}
{"timestamp": "2026-07-14T17:51:58.676239+00:00", "severity": "INFO", "component": "engine", "message": "Session started", "correlation_id": "", "causation_id": "", "payload": {"account_id": "paper-1", "state_loaded": false}}
{"timestamp": "2026-07-14T17:51:58.676366+00:00", "severity": "INFO", "component": "phase_j", "message": "Session 9bdbf5ed-aa71-45a9-ad46-331c8ceb5436 started", "correlation_id": "", "causation_id": "", "payload": {}}
{"timestamp": "2026-07-14T17:54:00.615874+00:00", "severity": "INFO", "component": "adapter", "message": "Order tit-paper-260714175400-1 filled", "correlation_id": "", "causation_id": "", "payload": {"order_id": "tit-paper-260714175400-1", "event": "filled", "instrument_id": "SPY", "fills": 1, "qty": "1"}}
{"timestamp": "2026-07-14T17:54:00.616018+00:00", "severity": "INFO", "component": "strategy", "message": "Intent accepted for SPY: BrokerOrderId(id='6310441f-7450-47b3-bddd-6fc2c09d9d1d')", "correlation_id": "", "causation_id": "", "payload": {}}
{"timestamp": "2026-07-15T02:18:58.146436+00:00", "severity": "INFO", "component": "phase_j", "message": "Session runner starting", "correlation_id": "", "causation_id": "", "payload": {"mode": "broker-paper", "instruments": ["SPY"], "interval": 60, "starting_capital": "100000"}}
{"timestamp": "2026-07-15T02:19:00.366331+00:00", "severity": "INFO", "component": "engine", "message": "Session started", "correlation_id": "", "causation_id": "", "payload": {"account_id": "paper-1", "state_loaded": true}}
{"timestamp": "2026-07-15T02:19:00.366472+00:00", "severity": "INFO", "component": "phase_j", "message": "Session b8e1e5ac-8811-4a94-b3fa-fabf11187670 started", "correlation_id": "", "causation_id": "", "payload": {}}
{"timestamp": "2026-07-15T02:24:05.735737+00:00", "severity": "WARNING", "component": "reconciliation", "message": "Reconciliation completed", "correlation_id": "", "causation_id": "", "payload": {"has_drift": true, "drift_count": 2, "severity": "ReconciliationDriftSeverity.Critical"}}
{"timestamp": "2026-07-15T02:29:10.405006+00:00", "severity": "WARNING", "component": "reconciliation", "message": "Reconciliation completed", "correlation_id": "", "causation_id": "", "payload": {"has_drift": true, "drift_count": 2, "severity": "ReconciliationDriftSeverity.Critical"}}
{"timestamp": "2026-07-15T02:34:13.076456+00:00", "severity": "WARNING", "component": "reconciliation", "message": "Reconciliation completed", "correlation_id": "", "causation_id": "", "payload": {"has_drift": true, "drift_count": 2, "severity": "ReconciliationDriftSeverity.Critical"}}
{"timestamp": "2026-07-15T02:39:15.806246+00:00", "severity": "WARNING", "component": "reconciliation", "message": "Reconciliation completed", "correlation_id": "", "causation_id": "", "payload": {"has_drift": true, "drift_count": 2, "severity": "ReconciliationDriftSeverity.Critical"}}
{"timestamp": "2026-07-15T02:44:18.038312+00:00", "severity": "WARNING", "component": "reconciliation", "message": "Reconciliation completed", "correlation_id": "", "causation_id": "", "payload": {"has_drift": true, "drift_count": 2, "severity": "ReconciliationDriftSeverity.Critical"}}
{"timestamp": "2026-07-15T02:49:21.923211+00:00", "severity": "WARNING", "component": "reconciliation", "message": "Reconciliation completed", "correlation_id": "", "causation_id": "", "payload": {"has_drift": true, "drift_count": 2, "severity": "ReconciliationDriftSeverity.Critical"}}
{"timestamp": "2026-07-15T02:54:26.123299+00:00", "severity": "WARNING", "component": "reconciliation", "message": "Reconciliation completed", "correlation_id": "", "causation_id": "", "payload": {"has_drift": true, "drift_count": 2, "severity": "ReconciliationDriftSeverity.Critical"}}
{"timestamp": "2026-07-15T02:59:29.163241+00:00", "severity": "WARNING", "component": "reconciliation", "message": "Reconciliation completed", "correlation_id": "", "causation_id": "", "payload": {"has_drift": true, "drift_count": 2, "severity": "ReconciliationDriftSeverity.Critical"}}
{"timestamp": "2026-07-15T03:04:31.491011+00:00", "severity": "WARNING", "component": "reconciliation", "message": "Reconciliation completed", "correlation_id": "", "causation_id": "", "payload": {"has_drift": true, "drift_count": 2, "severity": "ReconciliationDriftSeverity.Critical"}}
{"timestamp": "2026-07-15T03:09:35.485998+00:00", "severity": "WARNING", "component": "reconciliation", "message": "Reconciliation completed", "correlation_id": "", "causation_id": "", "payload": {"has_drift": true, "drift_count": 2, "severity": "ReconciliationDriftSeverity.Critical"}}
{"timestamp": "2026-07-15T03:14:37.799727+00:00", "severity": "WARNING", "component": "reconciliation", "message": "Reconciliation completed", "correlation_id": "", "causation_id": "", "payload": {"has_drift": true, "drift_count": 2, "severity": "ReconciliationDriftSeverity.Critical"}}
{"timestamp": "2026-07-15T03:14:38.096689+00:00", "severity": "INFO", "component": "phase_j", "message": "Session stopping", "correlation_id": "", "causation_id": "", "payload": {}}
{"timestamp": "2026-07-15T03:14:38.364648+00:00", "severity": "INFO", "component": "engine", "message": "Session stopped", "correlation_id": "", "causation_id": "", "payload": {}}
