Loaded config from session_config.json
[IBKR SAFEGUARD PASSED] Verified Paper Environment: Port=7497, Account=DUQ284074, PaperMode=True
tws: IBKR paper adapter connected
TWS realtime feed connected (5 mins) for ['SPY', 'QQQ', 'IWM', 'EURUSD', 'GBPUSD', 'AAPL', 'MSFT', 'XLF', 'XLK']
Loaded realtime intraday data for ['SPY', 'QQQ', 'IWM', 'EURUSD', 'GBPUSD', 'AAPL', 'MSFT', 'XLF', 'XLK']
Session 34a4292a-380a-426a-b3b7-fdbc90abdff1 started — Phase J (broker-paper) running
TITAN Dashboard started on http://127.0.0.1:8082
Market is open today (2026-08-03). Last trading day: 2026-07-31
INFO:     Started server process [13500]
INFO:     Waiting for application startup.
INFO:     Application startup complete.
INFO:     Uvicorn running on http://127.0.0.1:8082 (Press CTRL+C to quit)
[tws_realtime] Err 2108: Market data farm connection is inactive but should be available upon demand.usfarm.nj
[tws_realtime] Err 2108: Market data farm connection is inactive but should be available upon demand.usfarm.nj
[tws_realtime] Err 2108: Market data farm connection is inactive but should be available upon demand.afarm
[tws_realtime] Err 2108: Market data farm connection is inactive but should be available upon demand.afarm
[2026-08-03T18:16:56Z] [+] uptime=0h1m intents=0.0 fills=0.0 rej=0.0 drift=0 kw=0 strat=ma-crossover ready=N prices=9/9 cash=1041747 pv=1041282 data=live log=0MB
[2026-08-03T18:17:56Z] [+] uptime=0h2m intents=0.0 fills=0.0 rej=0.0 drift=0 kw=0 strat=ma-crossover ready=Y prices=9/9 cash=1041747 pv=1041259 data=live log=0MB
[2026-08-03T18:18:57Z] [+] uptime=0h3m intents=0.0 fills=0.0 rej=0.0 drift=0 kw=0 strat=ma-crossover ready=Y prices=9/9 cash=1041747 pv=1041259 data=live log=0MB
[tws_realtime] Err 2103: Market data farm connection is broken:hfarm
[2026-08-03T18:19:57Z] [+] uptime=0h4m intents=0.0 fills=0.0 rej=0.0 drift=0 kw=0 strat=ma-crossover ready=Y prices=9/9 cash=1041747 pv=1041259 data=live log=0MB
[2026-08-03T18:20:57Z] [+] uptime=0h5m intents=0.0 fills=0.0 rej=0.0 drift=0 kw=0 strat=ma-crossover ready=Y prices=9/9 cash=1041747 pv=1041259 data=live log=0MB
[2026-08-03T18:21:57Z] [+] uptime=0h6m intents=0.0 fills=0.0 rej=0.0 drift=0 kw=0 strat=ma-crossover ready=Y prices=9/9 cash=1041747 pv=1041259 data=live log=0MB
[2026-08-03T18:22:57Z] [+] uptime=0h7m intents=0.0 fills=0.0 rej=0.0 drift=0 kw=0 strat=ma-crossover ready=Y prices=9/9 cash=1041747 pv=1041259 data=live log=0MB
[2026-08-03T18:23:57Z] [+] uptime=0h8m intents=0.0 fills=0.0 rej=0.0 drift=0 kw=0 strat=ma-crossover ready=Y prices=9/9 cash=1041747 pv=1041259 data=live log=0MB
[2026-08-03T18:24:57Z] [+] uptime=0h9m intents=0.0 fills=0.0 rej=0.0 drift=0 kw=0 strat=ma-crossover ready=Y prices=9/9 cash=1041747 pv=1041259 data=live log=0MB
[2026-08-03T18:25:57Z] [+] uptime=0h10m intents=0.0 fills=0.0 rej=0.0 drift=0 kw=0 strat=ma-crossover ready=Y prices=9/9 cash=1041747 pv=1041259 data=live log=0MB
[2026-08-03T18:26:58Z] [+] uptime=0h11m intents=0.0 fills=0.0 rej=0.0 drift=0 kw=0 strat=ma-crossover ready=Y prices=9/9 cash=1041747 pv=1041259 data=live log=0MB
[2026-08-03T18:27:58Z] [+] uptime=0h12m intents=0.0 fills=0.0 rej=0.0 drift=0 kw=0 strat=ma-crossover ready=Y prices=9/9 cash=1041747 pv=1041259 data=live log=0MB
[2026-08-03T18:28:58Z] [+] uptime=0h13m intents=0.0 fills=0.0 rej=0.0 drift=0 kw=0 strat=ma-crossover ready=Y prices=9/9 cash=1041747 pv=1041259 data=live log=0MB
[2026-08-03T18:29:58Z] [+] uptime=0h14m intents=0.0 fills=0.0 rej=0.0 drift=0 kw=0 strat=ma-crossover ready=Y prices=9/9 cash=1041747 pv=1041259 data=live log=0MB

--- PER-INSTRUMENT BREAKDOWN [2026-08-03 18:30:58 UTC] ---
  • AAPL     | intents=0   | fills=0   | rej=0   | pos=0 (NONE) | price=306.08
  • EURUSD   | intents=0   | fills=0   | rej=0   | pos=0 (NONE) | price=1.15051
  • GBPUSD   | intents=0   | fills=0   | rej=0   | pos=0 (NONE) | price=1.342095
  • IWM      | intents=0   | fills=0   | rej=0   | pos=0 (NONE) | price=295.92
  • MSFT     | intents=0   | fills=0   | rej=0   | pos=1 (Short) | price=487.98
  • QQQ      | intents=0   | fills=0   | rej=0   | pos=0 (NONE) | price=700.46
  • SPY      | intents=0   | fills=0   | rej=0   | pos=0 (NONE) | price=757.64
  • XLF      | intents=0   | fills=0   | rej=0   | pos=0 (NONE) | price=57.2
  • XLK      | intents=0   | fills=0   | rej=0   | pos=0 (NONE) | price=178.49
----------------------------------------------------

[2026-08-03T18:30:58Z] [+] uptime=0h15m intents=0.0 fills=0.0 rej=0.0 drift=0 kw=0 strat=ma-crossover ready=Y prices=9/9 cash=1041747 pv=1041259 data=live log=0MB
[2026-08-03T18:31:59Z] [+] uptime=0h16m intents=0.0 fills=0.0 rej=0.0 drift=0 kw=0 strat=ma-crossover ready=Y prices=9/9 cash=1041747 pv=1041259 data=live log=0MB
[2026-08-03T18:32:59Z] [+] uptime=0h17m intents=0.0 fills=0.0 rej=0.0 drift=0 kw=0 strat=ma-crossover ready=Y prices=9/9 cash=1041747 pv=1041259 data=live log=0MB
[2026-08-03T18:33:59Z] [+] uptime=0h18m intents=0.0 fills=0.0 rej=0.0 drift=0 kw=0 strat=ma-crossover ready=Y prices=9/9 cash=1041747 pv=1041259 data=live log=0MB
[2026-08-03T18:34:59Z] [+] uptime=0h19m intents=0.0 fills=0.0 rej=0.0 drift=0 kw=0 strat=ma-crossover ready=Y prices=9/9 cash=1041747 pv=1041259 data=live log=0MB
[2026-08-03T18:35:59Z] [+] uptime=0h20m intents=0.0 fills=0.0 rej=0.0 drift=0 kw=0 strat=ma-crossover ready=Y prices=9/9 cash=1041747 pv=1041259 data=live log=0MB
[tws_realtime] Err 2103: Market data farm connection is broken:jfarm
[tws_realtime] Err 2103: Market data farm connection is broken:jfarm
[2026-08-03T18:37:01Z] [+] uptime=0h21m intents=0.0 fills=0.0 rej=0.0 drift=0 kw=0 strat=ma-crossover ready=Y prices=9/9 cash=1041747 pv=1041259 data=live log=0MB
[2026-08-03T18:38:01Z] [+] uptime=0h22m intents=0.0 fills=0.0 rej=0.0 drift=0 kw=0 strat=ma-crossover ready=Y prices=9/9 cash=1041747 pv=1041259 data=live log=0MB
[2026-08-03T18:39:01Z] [+] uptime=0h23m intents=0.0 fills=0.0 rej=0.0 drift=0 kw=0 strat=ma-crossover ready=Y prices=9/9 cash=1041747 pv=1041259 data=live log=0MB
[2026-08-03T18:40:01Z] [+] uptime=0h24m intents=0.0 fills=0.0 rej=0.0 drift=0 kw=0 strat=ma-crossover ready=Y prices=9/9 cash=1041747 pv=1041259 data=live log=0MB
[2026-08-03T18:41:01Z] [+] uptime=0h25m intents=0.0 fills=0.0 rej=0.0 drift=0 kw=0 strat=ma-crossover ready=Y prices=9/9 cash=1041747 pv=1041259 data=live log=0MB
[2026-08-03T18:42:01Z] [+] uptime=0h26m intents=0.0 fills=0.0 rej=0.0 drift=0 kw=0 strat=ma-crossover ready=Y prices=9/9 cash=1041747 pv=1041259 data=live log=0MB
[2026-08-03T18:43:01Z] [+] uptime=0h27m intents=0.0 fills=0.0 rej=0.0 drift=0 kw=0 strat=ma-crossover ready=Y prices=9/9 cash=1041747 pv=1041259 data=live log=0MB
[2026-08-03T18:44:01Z] [+] uptime=0h28m intents=0.0 fills=0.0 rej=0.0 drift=0 kw=0 strat=ma-crossover ready=Y prices=9/9 cash=1041747 pv=1041259 data=live log=0MB
[2026-08-03T18:45:01Z] [+] uptime=0h29m intents=0.0 fills=0.0 rej=0.0 drift=0 kw=0 strat=ma-crossover ready=Y prices=9/9 cash=1041747 pv=1041259 data=live log=0MB

--- PER-INSTRUMENT BREAKDOWN [2026-08-03 18:46:01 UTC] ---
  • AAPL     | intents=0   | fills=0   | rej=0   | pos=0 (NONE) | price=306.08
  • EURUSD   | intents=0   | fills=0   | rej=0   | pos=0 (NONE) | price=1.15051
  • GBPUSD   | intents=0   | fills=0   | rej=0   | pos=0 (NONE) | price=1.342095
  • IWM      | intents=0   | fills=0   | rej=0   | pos=0 (NONE) | price=295.92
  • MSFT     | intents=0   | fills=0   | rej=0   | pos=1 (Short) | price=487.98
  • QQQ      | intents=0   | fills=0   | rej=0   | pos=0 (NONE) | price=700.46
  • SPY      | intents=0   | fills=0   | rej=0   | pos=0 (NONE) | price=757.64
  • XLF      | intents=0   | fills=0   | rej=0   | pos=0 (NONE) | price=57.2
  • XLK      | intents=0   | fills=0   | rej=0   | pos=0 (NONE) | price=178.49
----------------------------------------------------

[2026-08-03T18:46:01Z] [+] uptime=0h30m intents=0.0 fills=0.0 rej=0.0 drift=0 kw=0 strat=ma-crossover ready=Y prices=9/9 cash=1041747 pv=1041259 data=live log=0MB
[2026-08-03T18:47:02Z] [+] uptime=0h31m intents=0.0 fills=0.0 rej=0.0 drift=0 kw=0 strat=ma-crossover ready=Y prices=9/9 cash=1041747 pv=1041259 data=live log=0MB
[2026-08-03T18:48:02Z] [+] uptime=0h32m intents=0.0 fills=0.0 rej=0.0 drift=0 kw=0 strat=ma-crossover ready=Y prices=9/9 cash=1041747 pv=1041259 data=live log=0MB
[2026-08-03T18:49:02Z] [+] uptime=0h33m intents=0.0 fills=0.0 rej=0.0 drift=0 kw=0 strat=ma-crossover ready=Y prices=9/9 cash=1041747 pv=1041259 data=live log=0MB
[2026-08-03T18:50:02Z] [+] uptime=0h34m intents=0.0 fills=0.0 rej=0.0 drift=0 kw=0 strat=ma-crossover ready=Y prices=9/9 cash=1041747 pv=1041259 data=live log=0MB
[2026-08-03T18:51:03Z] [+] uptime=0h35m intents=0.0 fills=0.0 rej=0.0 drift=0 kw=0 strat=ma-crossover ready=Y prices=9/9 cash=1041747 pv=1041259 data=live log=0MB
[2026-08-03T18:52:03Z] [+] uptime=0h36m intents=0.0 fills=0.0 rej=0.0 drift=0 kw=0 strat=ma-crossover ready=Y prices=9/9 cash=1041747 pv=1041259 data=live log=0MB
[2026-08-03T18:53:04Z] [+] uptime=0h37m intents=0.0 fills=0.0 rej=0.0 drift=0 kw=0 strat=ma-crossover ready=Y prices=9/9 cash=1041747 pv=1041259 data=live log=0MB
[2026-08-03T18:54:04Z] [+] uptime=0h38m intents=0.0 fills=0.0 rej=0.0 drift=0 kw=0 strat=ma-crossover ready=Y prices=9/9 cash=1041747 pv=1041259 data=live log=0MB
[2026-08-03T18:55:04Z] [+] uptime=0h39m intents=0.0 fills=0.0 rej=0.0 drift=0 kw=0 strat=ma-crossover ready=Y prices=9/9 cash=1041747 pv=1041259 data=live log=0MB
[2026-08-03T18:56:04Z] [+] uptime=0h40m intents=0.0 fills=0.0 rej=0.0 drift=0 kw=0 strat=ma-crossover ready=Y prices=9/9 cash=1041747 pv=1041259 data=live log=0MB
[2026-08-03T18:57:04Z] [+] uptime=0h41m intents=0.0 fills=0.0 rej=0.0 drift=0 kw=0 strat=ma-crossover ready=Y prices=9/9 cash=1041747 pv=1041259 data=live log=0MB
[2026-08-03T18:58:04Z] [+] uptime=0h42m intents=0.0 fills=0.0 rej=0.0 drift=0 kw=0 strat=ma-crossover ready=Y prices=9/9 cash=1041747 pv=1041259 data=live log=0MB
[2026-08-03T18:59:04Z] [+] uptime=0h43m intents=0.0 fills=0.0 rej=0.0 drift=0 kw=0 strat=ma-crossover ready=Y prices=9/9 cash=1041747 pv=1041259 data=live log=0MB
[2026-08-03T19:00:04Z] [+] uptime=0h44m intents=0.0 fills=0.0 rej=0.0 drift=0 kw=0 strat=ma-crossover ready=Y prices=9/9 cash=1041747 pv=1041259 data=live log=0MB

--- PER-INSTRUMENT BREAKDOWN [2026-08-03 19:01:04 UTC] ---
  • AAPL     | intents=0   | fills=0   | rej=0   | pos=0 (NONE) | price=306.08
  • EURUSD   | intents=0   | fills=0   | rej=0   | pos=0 (NONE) | price=1.15051
  • GBPUSD   | intents=0   | fills=0   | rej=0   | pos=0 (NONE) | price=1.342095
  • IWM      | intents=0   | fills=0   | rej=0   | pos=0 (NONE) | price=295.92
  • MSFT     | intents=0   | fills=0   | rej=0   | pos=1 (Short) | price=487.98
  • QQQ      | intents=0   | fills=0   | rej=0   | pos=0 (NONE) | price=700.46
  • SPY      | intents=0   | fills=0   | rej=0   | pos=0 (NONE) | price=757.64
  • XLF      | intents=0   | fills=0   | rej=0   | pos=0 (NONE) | price=57.2
  • XLK      | intents=0   | fills=0   | rej=0   | pos=0 (NONE) | price=178.49
----------------------------------------------------

[2026-08-03T19:01:04Z] [+] uptime=0h45m intents=0.0 fills=0.0 rej=0.0 drift=0 kw=0 strat=ma-crossover ready=Y prices=9/9 cash=1041747 pv=1041259 data=live log=0MB
[2026-08-03T19:02:05Z] [+] uptime=0h46m intents=0.0 fills=0.0 rej=0.0 drift=0 kw=0 strat=ma-crossover ready=Y prices=9/9 cash=1041747 pv=1041259 data=live log=0MB
[2026-08-03T19:03:05Z] [+] uptime=0h47m intents=0.0 fills=0.0 rej=0.0 drift=0 kw=0 strat=ma-crossover ready=Y prices=9/9 cash=1041747 pv=1041259 data=live log=0MB
[2026-08-03T19:04:05Z] [+] uptime=0h48m intents=0.0 fills=0.0 rej=0.0 drift=0 kw=0 strat=ma-crossover ready=Y prices=9/9 cash=1041747 pv=1041259 data=live log=0MB
[2026-08-03T19:05:05Z] [+] uptime=0h49m intents=0.0 fills=0.0 rej=0.0 drift=0 kw=0 strat=ma-crossover ready=Y prices=9/9 cash=1041747 pv=1041259 data=live log=0MB
[2026-08-03T19:06:05Z] [+] uptime=0h50m intents=0.0 fills=0.0 rej=0.0 drift=0 kw=0 strat=ma-crossover ready=Y prices=9/9 cash=1041747 pv=1041259 data=live log=0MB
[2026-08-03T19:07:05Z] [+] uptime=0h51m intents=0.0 fills=0.0 rej=0.0 drift=0 kw=0 strat=ma-crossover ready=Y prices=9/9 cash=1041747 pv=1041259 data=live log=0MB
[2026-08-03T19:08:05Z] [+] uptime=0h52m intents=0.0 fills=0.0 rej=0.0 drift=0 kw=0 strat=ma-crossover ready=Y prices=9/9 cash=1041747 pv=1041259 data=live log=0MB
[2026-08-03T19:09:05Z] [+] uptime=0h53m intents=0.0 fills=0.0 rej=0.0 drift=0 kw=0 strat=ma-crossover ready=Y prices=9/9 cash=1041747 pv=1041259 data=live log=0MB
[2026-08-03T19:10:05Z] [+] uptime=0h54m intents=0.0 fills=0.0 rej=0.0 drift=0 kw=0 strat=ma-crossover ready=Y prices=9/9 cash=1041747 pv=1041259 data=live log=0MB
[2026-08-03T19:11:05Z] [+] uptime=0h55m intents=0.0 fills=0.0 rej=0.0 drift=0 kw=0 strat=ma-crossover ready=Y prices=9/9 cash=1041747 pv=1041259 data=live log=0MB
[2026-08-03T19:12:05Z] [+] uptime=0h56m intents=0.0 fills=0.0 rej=0.0 drift=0 kw=0 strat=ma-crossover ready=Y prices=9/9 cash=1041747 pv=1041259 data=live log=0MB
[2026-08-03T19:13:05Z] [+] uptime=0h57m intents=0.0 fills=0.0 rej=0.0 drift=0 kw=0 strat=ma-crossover ready=Y prices=9/9 cash=1041747 pv=1041259 data=live log=0MB
[2026-08-03T19:14:05Z] [+] uptime=0h58m intents=0.0 fills=0.0 rej=0.0 drift=0 kw=0 strat=ma-crossover ready=Y prices=9/9 cash=1041747 pv=1041259 data=live log=0MB
[2026-08-03T19:15:05Z] [+] uptime=0h59m intents=0.0 fills=0.0 rej=0.0 drift=0 kw=0 strat=ma-crossover ready=Y prices=9/9 cash=1041747 pv=1041259 data=live log=0MB

--- PER-INSTRUMENT BREAKDOWN [2026-08-03 19:16:05 UTC] ---
  • AAPL     | intents=0   | fills=0   | rej=0   | pos=0 (NONE) | price=306.08
  • EURUSD   | intents=0   | fills=0   | rej=0   | pos=0 (NONE) | price=1.15051
  • GBPUSD   | intents=0   | fills=0   | rej=0   | pos=0 (NONE) | price=1.342095
  • IWM      | intents=0   | fills=0   | rej=0   | pos=0 (NONE) | price=295.92
  • MSFT     | intents=0   | fills=0   | rej=0   | pos=1 (Short) | price=487.98
  • QQQ      | intents=0   | fills=0   | rej=0   | pos=0 (NONE) | price=700.46
  • SPY      | intents=0   | fills=0   | rej=0   | pos=0 (NONE) | price=757.64
  • XLF      | intents=0   | fills=0   | rej=0   | pos=0 (NONE) | price=57.2
  • XLK      | intents=0   | fills=0   | rej=0   | pos=0 (NONE) | price=178.49
----------------------------------------------------

[2026-08-03T19:16:05Z] [+] uptime=1h0m intents=0.0 fills=0.0 rej=0.0 drift=0 kw=0 strat=ma-crossover ready=Y prices=9/9 cash=1041747 pv=1041259 data=live log=0MB
[2026-08-03T19:17:06Z] [+] uptime=1h1m intents=0.0 fills=0.0 rej=0.0 drift=0 kw=0 strat=ma-crossover ready=Y prices=9/9 cash=1041747 pv=1041259 data=live log=0MB
[2026-08-03T19:18:06Z] [+] uptime=1h2m intents=0.0 fills=0.0 rej=0.0 drift=0 kw=0 strat=ma-crossover ready=Y prices=9/9 cash=1041747 pv=1041259 data=live log=0MB
[2026-08-03T19:19:06Z] [+] uptime=1h3m intents=0.0 fills=0.0 rej=0.0 drift=0 kw=0 strat=ma-crossover ready=Y prices=9/9 cash=1041747 pv=1041259 data=live log=0MB
[2026-08-03T19:20:06Z] [+] uptime=1h4m intents=0.0 fills=0.0 rej=0.0 drift=0 kw=0 strat=ma-crossover ready=Y prices=9/9 cash=1041747 pv=1041259 data=live log=0MB
[2026-08-03T19:21:06Z] [+] uptime=1h5m intents=0.0 fills=0.0 rej=0.0 drift=0 kw=0 strat=ma-crossover ready=Y prices=9/9 cash=1041747 pv=1041259 data=live log=0MB
[2026-08-03T19:22:06Z] [+] uptime=1h6m intents=0.0 fills=0.0 rej=0.0 drift=0 kw=0 strat=ma-crossover ready=Y prices=9/9 cash=1041747 pv=1041259 data=live log=0MB
[2026-08-03T19:23:06Z] [+] uptime=1h7m intents=0.0 fills=0.0 rej=0.0 drift=0 kw=0 strat=ma-crossover ready=Y prices=9/9 cash=1041747 pv=1041259 data=live log=0MB
[2026-08-03T19:24:06Z] [+] uptime=1h8m intents=0.0 fills=0.0 rej=0.0 drift=0 kw=0 strat=ma-crossover ready=Y prices=9/9 cash=1041747 pv=1041259 data=live log=0MB
[2026-08-03T19:25:06Z] [+] uptime=1h9m intents=0.0 fills=0.0 rej=0.0 drift=0 kw=0 strat=ma-crossover ready=Y prices=9/9 cash=1041747 pv=1041259 data=live log=0MB
[2026-08-03T19:26:06Z] [+] uptime=1h10m intents=0.0 fills=0.0 rej=0.0 drift=0 kw=0 strat=ma-crossover ready=Y prices=9/9 cash=1041747 pv=1041259 data=live log=0MB
[2026-08-03T19:27:07Z] [+] uptime=1h11m intents=0.0 fills=0.0 rej=0.0 drift=0 kw=0 strat=ma-crossover ready=Y prices=9/9 cash=1041747 pv=1041259 data=live log=0MB
[2026-08-03T19:28:07Z] [+] uptime=1h12m intents=0.0 fills=0.0 rej=0.0 drift=0 kw=0 strat=ma-crossover ready=Y prices=9/9 cash=1041747 pv=1041259 data=live log=0MB
[2026-08-03T19:29:07Z] [+] uptime=1h13m intents=0.0 fills=0.0 rej=0.0 drift=0 kw=0 strat=ma-crossover ready=Y prices=9/9 cash=1041747 pv=1041259 data=live log=0MB
[2026-08-03T19:30:07Z] [+] uptime=1h14m intents=0.0 fills=0.0 rej=0.0 drift=0 kw=0 strat=ma-crossover ready=Y prices=9/9 cash=1041747 pv=1041259 data=live log=0MB

--- PER-INSTRUMENT BREAKDOWN [2026-08-03 19:31:07 UTC] ---
  • AAPL     | intents=0   | fills=0   | rej=0   | pos=0 (NONE) | price=306.08
  • EURUSD   | intents=0   | fills=0   | rej=0   | pos=0 (NONE) | price=1.15051
  • GBPUSD   | intents=0   | fills=0   | rej=0   | pos=0 (NONE) | price=1.342095
  • IWM      | intents=0   | fills=0   | rej=0   | pos=0 (NONE) | price=295.92
  • MSFT     | intents=0   | fills=0   | rej=0   | pos=1 (Short) | price=487.98
  • QQQ      | intents=0   | fills=0   | rej=0   | pos=0 (NONE) | price=700.46
  • SPY      | intents=0   | fills=0   | rej=0   | pos=0 (NONE) | price=757.64
  • XLF      | intents=0   | fills=0   | rej=0   | pos=0 (NONE) | price=57.2
  • XLK      | intents=0   | fills=0   | rej=0   | pos=0 (NONE) | price=178.49
----------------------------------------------------

[2026-08-03T19:31:07Z] [+] uptime=1h15m intents=0.0 fills=0.0 rej=0.0 drift=0 kw=0 strat=ma-crossover ready=Y prices=9/9 cash=1041747 pv=1041259 data=live log=0MB
[2026-08-03T19:32:07Z] [+] uptime=1h16m intents=0.0 fills=0.0 rej=0.0 drift=0 kw=0 strat=ma-crossover ready=Y prices=9/9 cash=1041747 pv=1041259 data=live log=0MB
[2026-08-03T19:33:07Z] [+] uptime=1h17m intents=0.0 fills=0.0 rej=0.0 drift=0 kw=0 strat=ma-crossover ready=Y prices=9/9 cash=1041747 pv=1041259 data=live log=0MB
[2026-08-03T19:34:07Z] [+] uptime=1h18m intents=0.0 fills=0.0 rej=0.0 drift=0 kw=0 strat=ma-crossover ready=Y prices=9/9 cash=1041747 pv=1041259 data=live log=0MB
[2026-08-03T19:35:07Z] [+] uptime=1h19m intents=0.0 fills=0.0 rej=0.0 drift=0 kw=0 strat=ma-crossover ready=Y prices=9/9 cash=1041747 pv=1041259 data=live log=0MB
[2026-08-03T19:36:07Z] [+] uptime=1h20m intents=0.0 fills=0.0 rej=0.0 drift=0 kw=0 strat=ma-crossover ready=Y prices=9/9 cash=1041747 pv=1041259 data=live log=0MB
[2026-08-03T19:37:07Z] [+] uptime=1h21m intents=0.0 fills=0.0 rej=0.0 drift=0 kw=0 strat=ma-crossover ready=Y prices=9/9 cash=1041747 pv=1041259 data=live log=0MB
[2026-08-03T19:38:07Z] [+] uptime=1h22m intents=0.0 fills=0.0 rej=0.0 drift=0 kw=0 strat=ma-crossover ready=Y prices=9/9 cash=1041747 pv=1041259 data=live log=0MB
[2026-08-03T19:39:07Z] [+] uptime=1h23m intents=0.0 fills=0.0 rej=0.0 drift=0 kw=0 strat=ma-crossover ready=Y prices=9/9 cash=1041747 pv=1041259 data=live log=0MB
[2026-08-03T19:40:07Z] [+] uptime=1h24m intents=0.0 fills=0.0 rej=0.0 drift=0 kw=0 strat=ma-crossover ready=Y prices=9/9 cash=1041747 pv=1041259 data=live log=0MB
